  TT mm   hhhhhhhh    mmmm   ~~~   M M M                                                            
 TTmmm mmmmmmrmhhhhrmmTrmmmrr~~~  m_QMMMM                                                           
 mmmhmmmhhhrrhmmmhhrrhrrrmm  ~~~ mm__MM_MM                                                          
hmThmmhhrrrrhhhhhrrmrhh Tmmmm~~ mmm___Q_QMM                                                         
hhmmmhrrrmmmmmmmmhrrmhhhh m  ~~mm _______MMM                                                        
mmmhhhrmmrrrrr  mmmhhhrhhhmmm~~   rmmMQ___                                                          
m rrmmmm r    hh rrrrrrmmmmm~~  rrrmmmM__M                                                          
  rr  rrr   hhhh   rrr    mm~~m,m  TmmmMMM                                                          
Trr Thhhhhhh   hhh T        ~~~,mm T mm__MMMM                                                       
TThhhhhh   T hhhhh T    TT  ~~~, T   Tm_____M                                                       
 T Tt h   T      hh hhh  T  ~~~ ,  TT mm_____M                                                      
TTTTt  r      T   BBBBB     ~~~ ,    m mMM_QM_                                                      
 TTTtt  TT r      BBdBB      ~~~,   TmTmmM_MM                                                       
tTTttt         T    ,     Tt ~~~,    m  mMMQMM                                                      
  ttt  T     T     ,,      t  ~~,     mmmMM MMM                                                     
tTr t  WWWWW    ,,,         t ~~t,     mmMM MMM                                                     
 tTTT  WWVWW    ,     TTT t   ~~ ,      mmMMMMM                                                     
 tT r    ,      , T     TT t  ~~ ,       mMMM                                                       
 T t r   ,,,,,,,  WWWWW T    ~~~~ ,      m M                                                        
 tttT   T   T  ,, WWVWW  T  T~~~~ ,        MM                                                       
rt T            ,   ,        ~~~Tt,         M                                                       
 trT t T  BBBBB ,   ,  EEEEE  ~~  ,                                                                 
  T       BBdBB ,   ,  EE0EEt ~~ t,                                                                 
  tt        ,   , ,,     ,   t~~  ,                                                                 
 TTtT       ,   ,,  ,,,,,,   t~~t ,                                                                 
r   Tt      ,,,,             ~~~  ,                                                                 
 ttT           ,           t ~~~ T,                                                                 
rt tt         ,      tt      ~~~  ,                                                                 
~ t tttt      ,     ttt  tt ~~~~   ,                                                                
~~ tt   t t   ,          t  ~~~    ,                                                                
~~~     t t   ,,  t  ttt   ~~~~    ,                                                                
~~~~~    t ~~ .. ~~~~~~~~~~~~~     ,                                                                
~~~~~~~~~~~~~~..~~~~~~~~~~~~~~     ,                                                                
   ~~~~~~~~~~~..~~~~~~~~~~~~~~~~  ,                                                                 
 TT   t ~~~   ..  ~~       ~~~~~  ,                                                                 
 T             ,      TTt     ~~~ ,                                                                 
T      t     t ,       TtTT t  ~~ ,                                                                 
TT   t ttttt   ,,,,     tttt t ~~ ,                                                                 
 T     T t  t      ,,,,    t t ~~ ,                                                                 
tT t t    t            ,, ,,,,,&&,,                                                                 
tTt rt    T              ,,    ~~                                                                   
tTT  tT   Tt       t     ,  t  ~~                                                                   
 T    t  tT         tttt  ,    ~~                                                                   
T  rT    t                ,    ~~                                                                   
TT  t    TTtTT      t   t ,    ~~                                                                   
T  ttt  tt   TTT          ,,  ~~                                                                    
T   t  t    rTttT          ,  ~~                                                                    
 T t   t     T  ttT        ,  ~~                                                                    
 T  t r       T T          ,  ~~                                                                    
T    t          tT         ,  ~~                                                                    
T  rt     t     tT         ,  ~~                                                                    
Tt      tt TT    T         ,  ~~                                                                    
tt       TtT   T t         ,  ~~                                                                    
Tt t TtttT     Trt         ,  ~~                                                                    
t  t r tttT     ttT         , ~~                                                                    
Tt  r   r       TTT         , ~~                                                                    
 t t           T              ~~                                                                    
 TTt    hhh TttT              ~~                                                                    
   t  hhhTTTThhhT             ~~~                                                                   
 T T hhhhThmmhTh           T   ~~                                                                   
T T  hhhthmmmmh hhh T    tTTTt ~~                                                                   
TT  hhtthmmkmmh hhh     TTttTTT~~                                                                   
 T   hhhhhhhmmhh        Tt t   ~~                                                                   
tt    hhhhhmmmmh   T   Ttt     ~~                                                                   
 ttT    hhmmhhmhh  T TTTt      ~~                                                                   
  tT TT thhmhhhhhT   t T      ~~~                                                                   
   t ttTTttmmhh   TTtt        ~~~                                                                   
    tt  t  hhh                ~~~                                                                   
                              ~~                                                                    
                             ~~~                                                                    
                             ~~                                                                     
                             ~~                                                                     
                             ~~                                                                     
                             ~~                                                                     
                             ~~                                                                     
                             ~~                                                                     
                             ~                                                                      
                                                                                                    
                                                                                                    
                                                                                                    
                                                                                                    
                                                                                                    
                                                                                                    
                                                                                                    
                                                                                                    
                                                                                                    
                                                                                                    
                                                                                                    
                                                                                                    
                                                                                                    
                                                                                                    
                                                                                                    
                                                                                                    
                                                                                                    
                                                                                                    
                                                                                                    
                                                                                                    
                                                                                                    
                                                                                                    
                                                                                                    
