SSSS~~~~~~~~~~~~SSSS
S..SSSSSSSSSSSSSS..S
S..................S
SS.SSSSSSSSSSSSSS.SS
~S.S            S.S~
~S.S BBBBBBBBBB S.S~
~S.S BWWWWWWSSB S.S~
~S.S BWWWWWWSSB S.S~
~S.S BBdBBBBBBB S.S~
~S.S            S.S~
~S.S            S.S~ TrttT tt  TT ttTrr rsPsPPssCjjsjjjjsjjssjjsjjjjjs
~S.S            S.S~t  TT tTttT  t t hhr PsP~~~PsssjssssCjjjjssjjsssjs
~S.S            S.S~Tr       T      hhh ssss~~~Pssssssssssjjsjssssjssj
~S.S            S.S~~t     rTt    T hr rsCsPs.sssssCssssCsisjsjjCjsssj
SS.SSSkSSSSSSSSSS.SS~ t             hhr sCsss.sssssssssssjsjjsssssssjj
S..................S~t   tt  t T   r hr Cssss.ssCsssssssjjsjsjsisCsjsi
S..SSSKSZSSZSSZSS..S~           T   h   jsCsss.ssissssCsjssjjsjsssisjs
SSZS~~.~~~~~~~~~SZSS~T  .   tt  T tt  rrssssss.sCsssssjjjsjjjsCssCssjj
~~~~~~.~~  r   ~~~~~~   . r  T       r   sCssCs.sjsisssssssjjssissssjs
 t    .  h       t r~~   .              r sssss.s jsssssjjjjsjsssssssj
 TT   .hhh  tt   t Tt~    .    t Tt rttT   r   . rjjssssssjjssjjsCsssj
t hh . t h tt TT  T  ~T t . T   t  t  T    hr  . rissssssssjjCssssssjj
t th .  t         t ~t  r .       tt     tt th. TssCsissjjjsjsCsssjjsj
 t  .   r  T  r   t ~  T   .   r       r   hhh.  tisissssjsssissssssjj
t   ..........   Tt ~ T  t  ...................hhrissssssCssssisCssssj
 T .r           t  t ~  Ttt t   tt T        Tt. tssisssCissssssjssssjs
t .   ~~    r    tT t~     t         tt  Tt   .  tsCsjjsssssssjjsissjs
~~.~~~~T~~~~  t    t  ~~  tt   t  TT  rt   tt . t Cjsssssissssssisssjj
~~.~~~      ~~~  ~~~~ t ~~~~~    ~~~t    t  T .  TjjCsjsssjsssjsssCssj
T .   t r t  T ~~  r ~~~ T T ~~~~ t ~~~~ r    .  tsjjj jjjjjjjsjjjsjjs
t . TT  t       Tt  tT tr r tTtBBBB BBBB~ ~~  . r       jjmm r
Tt.    tt  T tt   t  Tt  T tT  BWWBtBWWB ~  ~~:~~~~~ r  mmmmmm
 t .  tt     t t     T        TBWWB BWWB    t .  T ~~~~~ mm mm
t  . hhTh tt   t  ttt tbbb     BWWB BWWB T    . T      r~~~~~~
tBBB. hhh TT   t   Tt Tb b     BBdB BBdB      .  r  Tr   mmmm 
 BWB.  hh     t        z         .  r .       . t  hh    mm m 
tBdB .          .......K................................... mm
t .   ..........       z b      BBBdBB BBdBBr .  t      mm ..<
 r ...tt T TT   tt T T bbb   t  BWWWWB BWWWB  . t   T TT     m
T TttT  tTT tttt tTT   t  Ttt tTBBBBBBtBBBBB  .  T hT   m m mm
 TT T r TTttT TT ttT   ttT  T trt t hhh   t   .  TTh       mm 
t httt T     t Ttht t     T  trhhrhhhh  T hhh. h r  hh m rm mm
 thh  h       T hhh  T    TtTThmhhhhh hh hhh .rrT mmhmmmm hmm 
t t hh    TT T tt     T t   t hm hh  hhh hhhh.hh Thhmhhh  hmmm
 t   t t   t   tT    tt      tmrT hhh hhhhTrr.hhhrhhmmh hhmmmm
T          tt r             tTThhhhhhTh rhhhTrhhhmhmh hhhmmhmh
 tt   T                   t t rhhhhmmhrhrhhrhhhhmhhhhhhmmhhhmh
t  T       t     t       TT  tmrrhmmhhhrhhhhhhhmmhmhmmrhhhmmmm
tTT  ttT T  TtT  T     TT  tTthmmhhhmhmhhhmmmhmmmhmmmhhhmmmmhh
 rtTt T ttTt  tTT tTTtt  tt tThhmmmhhhmmmmmhmmmhhmhhhhhmmhhhmh
                     t t hh r hh r      hm  r hh rhh Th  hT hm
                 T   t     hhhh hrT  hh mhh r hhTT  hTrhhhh hm
                T T t t  r  mhh r  hmm  m   hhhh hThrrhhThThhm
                  T  t     rmrhhhmhT mmhhh hhhh mrhhhh h hhhh 
                 T tt   tm  m mh rm hhhTThmhhhhhhmhhhThrhh r m
               T Tt    ~ mmmmmmh h hhhhhhr  r h hmhTThT rThhhm
                  T r ~  h mmmhhrhhm   hhh hhh  mhhhrhThhhThmm
                TTTtT ~~thT m hh r m mrThmhh hmmhmhhhhTrhThrmh
               T  TttT TT T mm hr   mm   m rhhhhmmhmhhhhhhhhmh
                      T Tt   mmmmmmmmmmmmhmhmmmmmrmmmmmmmmmmmh
